// Jest Snapshot v1, https://goo.gl/fbAQLP

exports[`should match snapshot 1`] = `
<View
  style={
    Object {
      "backgroundColor": "#ffc",
      "flex": 1,
      "flexDirection": "column",
    }
  }
>
  <View
    style={
      Object {
        "flex": 1,
        "flexDirection": "column",
        "marginBottom": 13.34,
        "marginLeft": 15,
        "marginRight": 15,
        "marginTop": 266.8,
      }
    }
  >
    <View
      style={
        Object {
          "alignItems": "center",
          "flex": 0.1,
          "justifyContent": "center",
          "marginRight": 75,
          "textAlign": "center",
        }
      }
    >
      <Text
        style={
          Object {
            "color": "#000",
            "fontSize": 41.66666666666667,
            "fontWeight": "700",
          }
        }
      >
         
        
         
      </Text>
    </View>
    <View
      style={
        Object {
          "flex": 0.4,
          "flexDirection": "row",
        }
      }
    >
      <View
        style={
          Object {
            "alignItems": "center",
            "flex": 6,
            "justifyContent": "center",
            "textAlign": "center",
          }
        }
      >
        <Text
          style={
            Object {
              "color": "#000",
              "display": "none",
              "fontFamily": "uFont",
              "fontSize": 241.66666666666669,
              "textAlign": "center",
            }
          }
        >
          01:00
        </Text>
      </View>
      <View
        style={
          Object {
            "alignItems": "center",
            "flex": 1,
            "justifyContent": "center",
            "marginBottom": 37.5,
            "padding": 0,
            "textAlign": "center",
          }
        }
      >
        <View
          accessible={true}
          focusable={true}
          onClick={[Function]}
          onResponderGrant={[Function]}
          onResponderMove={[Function]}
          onResponderRelease={[Function]}
          onResponderTerminate={[Function]}
          onResponderTerminationRequest={[Function]}
          onStartShouldSetResponder={[Function]}
          style={
            Object {
              "opacity": 1,
            }
          }
        >
          <Text
            allowFontScaling={false}
            style={
              Array [
                Object {
                  "color": "#000",
                  "fontSize": 93.75,
                },
                Object {},
                Object {
                  "fontFamily": "Material Icons",
                  "fontStyle": "normal",
                  "fontWeight": "normal",
                },
                Object {},
              ]
            }
          >
            î€¹
          </Text>
        </View>
      </View>
    </View>
  </View>
  <View
    style={
      Object {
        "borderColor": "#ddd",
        "borderRadius": 2,
        "borderTopWidth": 10,
        "flex": 0.2,
        "flexDirection": "row",
        "justifyContent": "center",
      }
    }
  >
    <View
      accessible={true}
      focusable={true}
      onClick={[Function]}
      onResponderGrant={[Function]}
      onResponderMove={[Function]}
      onResponderRelease={[Function]}
      onResponderTerminate={[Function]}
      onResponderTerminationRequest={[Function]}
      onStartShouldSetResponder={[Function]}
      style={
        Object {
          "alignItems": "center",
          "backgroundColor": "#6c6c6c",
          "borderColor": "#000",
          "borderWidth": 3,
          "justifyContent": "center",
          "margin": 40.019999999999996,
          "marginLeft": 0,
          "marginRight": 22.5,
          "opacity": 1,
          "paddingBottom": 40.019999999999996,
          "paddingLeft": 22.5,
          "paddingRight": 22.5,
          "paddingTop": 40.019999999999996,
          "textAlign": "center",
          "width": 180,
        }
      }
    >
      <Text
        style={
          Object {
            "color": "#fff",
            "fontSize": 41.66666666666667,
            "fontWeight": "700",
          }
        }
      >
        1X
      </Text>
    </View>
    <View
      accessible={true}
      focusable={true}
      onClick={[Function]}
      onResponderGrant={[Function]}
      onResponderMove={[Function]}
      onResponderRelease={[Function]}
      onResponderTerminate={[Function]}
      onResponderTerminationRequest={[Function]}
      onStartShouldSetResponder={[Function]}
      style={
        Object {
          "alignItems": "center",
          "borderColor": "#000",
          "borderWidth": 3,
          "justifyContent": "center",
          "margin": 40.019999999999996,
          "marginLeft": 0,
          "marginRight": 22.5,
          "opacity": 1,
          "paddingBottom": 40.019999999999996,
          "paddingLeft": 22.5,
          "paddingRight": 22.5,
          "paddingTop": 40.019999999999996,
          "textAlign": "center",
          "width": 180,
        }
      }
    >
      <Text
        style={
          Object {
            "color": "#000",
            "fontSize": 41.66666666666667,
            "fontWeight": "700",
          }
        }
      >
        1.5X
      </Text>
    </View>
    <View
      accessible={true}
      focusable={true}
      onClick={[Function]}
      onResponderGrant={[Function]}
      onResponderMove={[Function]}
      onResponderRelease={[Function]}
      onResponderTerminate={[Function]}
      onResponderTerminationRequest={[Function]}
      onStartShouldSetResponder={[Function]}
      style={
        Object {
          "alignItems": "center",
          "borderColor": "#000",
          "borderWidth": 3,
          "justifyContent": "center",
          "margin": 40.019999999999996,
          "marginLeft": 0,
          "marginRight": 22.5,
          "opacity": 1,
          "paddingBottom": 40.019999999999996,
          "paddingLeft": 22.5,
          "paddingRight": 22.5,
          "paddingTop": 40.019999999999996,
          "textAlign": "center",
          "width": 180,
        }
      }
    >
      <Text
        style={
          Object {
            "color": "#000",
            "fontSize": 41.66666666666667,
            "fontWeight": "700",
          }
        }
      >
        2X
      </Text>
    </View>
  </View>
</View>
`;
